
> studytether@0.1.0 build
> next build

Γû▓ Next.js 16.2.0 (Turbopack)
- Environments: .env.local, .env

  Creating an optimized production build ...
